<testsuite tests="1">
  <testcase classname="C501_TriggerHelperTest" name="testTriggers" time="2082" />
</testsuite>